---
http_interactions:
- request:
    method: get
    uri: https://api.datadoghq.com/api/v2/services/139eb23f-fefa-55cf-b2d8-da62ca0ba2ae
    body:
      encoding: US-ASCII
      string: ''
    headers:
      User-Agent:
      - datadog-api-client-ruby/0.1.0 (ruby 2.7.1; os darwin19.6.0; arch x86_64)
      Content-Type:
      - application/json
      Accept:
      - application/json
      Expect:
      - ''
  response:
    status:
      code: 200
      message: OK
    headers:
      Date:
      - Thu, 03 Dec 2020 10:33:36 GMT
      Content-Type:
      - application/json
      Content-Length:
      - '448'
      Connection:
      - keep-alive
      Vary:
      - Accept-Encoding
      Pragma:
      - no-cache
      Cache-Control:
      - no-cache
      Set-Cookie:
      - DD-PSHARD=233; Max-Age=604800; Path=/; expires=Thu, 10-Dec-2020 10:33:36 GMT;
        secure; HttpOnly
      X-Dd-Version:
      - '35.3468623'
      X-Ratelimit-Limit:
      - '12000'
      X-Ratelimit-Period:
      - '60'
      X-Ratelimit-Reset:
      - '24'
      X-Ratelimit-Remaining:
      - '11999'
      X-Dd-Debug:
      - 0xx9Vajt2z9Bjd3zEZxSq+HXBSiVDpVx3zcehHaUF6Rbof5oICp4xtQ5KAyASYVV
      Dd-Pool:
      - dogweb
      Content-Security-Policy:
      - frame-ancestors 'self'; report-uri https://api.datadoghq.com/csp-report
      X-Frame-Options:
      - SAMEORIGIN
      X-Content-Type-Options:
      - nosniff
      Strict-Transport-Security:
      - max-age=15724800;
    body:
      encoding: UTF-8
      string: '{"data":{"type":"services","id":"139eb23f-fefa-55cf-b2d8-da62ca0ba2ae","attributes":{"name":"ruby-Get_details_of_an_incident_service_returns_OK_response-1606991616","created":"2020-12-03T10:33:36.549882+00:00","modified":"2020-12-03T10:33:36.549882+00:00"},"relationships":{"last_modified_by":{"data":{"type":"users","id":"3ad549bf-eba0-11e9-a77a-0705486660d0"}},"created_by":{"data":{"type":"users","id":"3ad549bf-eba0-11e9-a77a-0705486660d0"}}}}}'
  recorded_at: Thu, 03 Dec 2020 10:33:36 GMT
- request:
    method: get
    uri: https://api.datadoghq.com/api/v2/services/b616a640-6720-59e8-a9af-55379dad483a
    body:
      encoding: US-ASCII
      string: ''
    headers:
      User-Agent:
      - datadog-api-client-ruby/1.0.0.beta.3.dev (ruby 2.6.3; os darwin19; arch x86_64)
      Content-Type:
      - application/json
      Accept:
      - application/json
      Expect:
      - ''
  response:
    status:
      code: 200
      message: OK
    headers:
      Date:
      - Fri, 09 Apr 2021 08:01:09 GMT
      Content-Type:
      - application/json
      Content-Length:
      - '452'
      Connection:
      - keep-alive
      Vary:
      - Accept-Encoding
      Pragma:
      - no-cache
      Cache-Control:
      - no-cache
      X-Dd-Version:
      - '35.4273965'
      X-Ratelimit-Limit:
      - '100'
      X-Ratelimit-Period:
      - '60'
      X-Ratelimit-Reset:
      - '51'
      X-Ratelimit-Remaining:
      - '99'
      X-Content-Type-Options:
      - nosniff
      Strict-Transport-Security:
      - max-age=15724800;
      Content-Security-Policy:
      - frame-ancestors 'self'; report-uri https://api.datadoghq.com/csp-report
      X-Frame-Options:
      - SAMEORIGIN
    body:
      encoding: UTF-8
      string: '{"data":{"type":"services","id":"b616a640-6720-59e8-a9af-55379dad483a","attributes":{"name":"Test-Get_details_of_an_incident_service_returns_OK_response-1617955269.659","created":"2021-04-09T08:01:09.760680+00:00","modified":"2021-04-09T08:01:09.760680+00:00"},"relationships":{"last_modified_by":{"data":{"type":"users","id":"3ad549bf-eba0-11e9-a77a-0705486660d0"}},"created_by":{"data":{"type":"users","id":"3ad549bf-eba0-11e9-a77a-0705486660d0"}}}}}'
  recorded_at: Fri, 09 Apr 2021 08:01:09 GMT
- request:
    method: get
    uri: https://api.datadoghq.com/api/v2/services/bcae7e6b-aba5-51ed-a4ba-e34e7d85d41b
    body:
      encoding: US-ASCII
      string: ''
    headers:
      User-Agent:
      - datadog-api-client-ruby/1.0.0.beta.3.dev (ruby 2.6.3; os darwin19; arch x86_64)
      Content-Type:
      - application/json
      Accept:
      - application/json
      Expect:
      - ''
  response:
    status:
      code: 200
      message: OK
    headers:
      Date:
      - Fri, 09 Apr 2021 08:16:27 GMT
      Content-Type:
      - application/json
      Content-Length:
      - '452'
      Connection:
      - keep-alive
      Vary:
      - Accept-Encoding
      Pragma:
      - no-cache
      Cache-Control:
      - no-cache
      X-Dd-Version:
      - '35.4274158'
      X-Ratelimit-Limit:
      - '100'
      X-Ratelimit-Period:
      - '60'
      X-Ratelimit-Reset:
      - '33'
      X-Ratelimit-Remaining:
      - '99'
      X-Content-Type-Options:
      - nosniff
      Strict-Transport-Security:
      - max-age=15724800;
      Content-Security-Policy:
      - frame-ancestors 'self'; report-uri https://api.datadoghq.com/csp-report
      X-Frame-Options:
      - SAMEORIGIN
    body:
      encoding: UTF-8
      string: '{"data":{"type":"services","id":"bcae7e6b-aba5-51ed-a4ba-e34e7d85d41b","attributes":{"name":"Test-Get_details_of_an_incident_service_returns_OK_response-1617956186.751","created":"2021-04-09T08:16:26.883296+00:00","modified":"2021-04-09T08:16:26.883296+00:00"},"relationships":{"last_modified_by":{"data":{"type":"users","id":"3ad549bf-eba0-11e9-a77a-0705486660d0"}},"created_by":{"data":{"type":"users","id":"3ad549bf-eba0-11e9-a77a-0705486660d0"}}}}}'
  recorded_at: Fri, 09 Apr 2021 08:16:26 GMT
- request:
    method: get
    uri: https://api.datadoghq.com/api/v2/services/c53a8cfd-5c49-5692-b3d1-a5e6a7c401eb
    body:
      encoding: US-ASCII
      string: ''
    headers:
      User-Agent:
      - datadog-api-client-ruby/1.0.0.beta.3.dev (ruby 2.6.3; os darwin19; arch x86_64)
      Content-Type:
      - application/json
      Accept:
      - application/json
      Expect:
      - ''
  response:
    status:
      code: 200
      message: OK
    headers:
      Date:
      - Fri, 09 Apr 2021 08:26:57 GMT
      Content-Type:
      - application/json
      Content-Length:
      - '448'
      Connection:
      - keep-alive
      Vary:
      - Accept-Encoding
      Pragma:
      - no-cache
      Cache-Control:
      - no-cache
      X-Dd-Version:
      - '35.4274158'
      X-Ratelimit-Limit:
      - '100'
      X-Ratelimit-Period:
      - '60'
      X-Ratelimit-Reset:
      - '3'
      X-Ratelimit-Remaining:
      - '99'
      X-Content-Type-Options:
      - nosniff
      Strict-Transport-Security:
      - max-age=15724800;
      Content-Security-Policy:
      - frame-ancestors 'self'; report-uri https://api.datadoghq.com/csp-report
      X-Frame-Options:
      - SAMEORIGIN
    body:
      encoding: UTF-8
      string: '{"data":{"type":"services","id":"c53a8cfd-5c49-5692-b3d1-a5e6a7c401eb","attributes":{"name":"Test-Get_details_of_an_incident_service_returns_OK_response-1617956816","created":"2021-04-09T08:26:57.097607+00:00","modified":"2021-04-09T08:26:57.097607+00:00"},"relationships":{"last_modified_by":{"data":{"type":"users","id":"3ad549bf-eba0-11e9-a77a-0705486660d0"}},"created_by":{"data":{"type":"users","id":"3ad549bf-eba0-11e9-a77a-0705486660d0"}}}}}'
  recorded_at: Fri, 09 Apr 2021 08:26:56 GMT
- request:
    method: post
    uri: https://api.datadoghq.com/api/v2/services
    body:
      encoding: UTF-8
      string: '{"data":{"attributes":{"name":"Test-Get_details_of_an_incident_service_returns_OK_response-1617968724"},"type":"services"}}'
    headers:
      User-Agent:
      - datadog-api-client-ruby/1.0.0.beta.3.dev (ruby 2.6.3; os darwin19; arch x86_64)
      Content-Type:
      - application/json
      Accept:
      - application/json
      Expect:
      - ''
  response:
    status:
      code: 201
      message: Created
    headers:
      Date:
      - Fri, 09 Apr 2021 11:45:25 GMT
      Content-Type:
      - application/json
      Content-Length:
      - '1003'
      Connection:
      - keep-alive
      Pragma:
      - no-cache
      Cache-Control:
      - no-cache
      X-Dd-Version:
      - '35.4275259'
      X-Ratelimit-Limit:
      - '100'
      X-Ratelimit-Period:
      - '60'
      X-Ratelimit-Reset:
      - '36'
      X-Ratelimit-Remaining:
      - '96'
      X-Content-Type-Options:
      - nosniff
      Strict-Transport-Security:
      - max-age=15724800;
      Content-Security-Policy:
      - frame-ancestors 'self'; report-uri https://api.datadoghq.com/csp-report
      X-Frame-Options:
      - SAMEORIGIN
    body:
      encoding: UTF-8
      string: '{"included":[{"type":"users","id":"3ad549bf-eba0-11e9-a77a-0705486660d0","attributes":{"name":null,"handle":"frog@datadoghq.com","created_at":"2019-10-02T08:15:39.795051+00:00","modified_at":"2020-06-15T12:33:12.884459+00:00","email":"frog@datadoghq.com","icon":"https://secure.gravatar.com/avatar/28a16dfe36e73b60c1d55872cb0f1172?s=48&d=retro","title":null,"verified":true,"service_account":false,"disabled":false,"allowed_login_methods":[],"status":"Active"},"relationships":{"org":{"data":{"type":"orgs","id":"4dee724d-00cc-11ea-a77b-570c9d03c6c5"}}}}],"data":{"type":"services","id":"57100510-96a0-552e-934e-432a10f20743","attributes":{"name":"Test-Get_details_of_an_incident_service_returns_OK_response-1617968724","created":"2021-04-09T11:45:24.990609+00:00","modified":"2021-04-09T11:45:24.990609+00:00"},"relationships":{"last_modified_by":{"data":{"type":"users","id":"3ad549bf-eba0-11e9-a77a-0705486660d0"}},"created_by":{"data":{"type":"users","id":"3ad549bf-eba0-11e9-a77a-0705486660d0"}}}}}'
  recorded_at: Fri, 09 Apr 2021 11:45:24 GMT
- request:
    method: get
    uri: https://api.datadoghq.com/api/v2/services/57100510-96a0-552e-934e-432a10f20743
    body:
      encoding: US-ASCII
      string: ''
    headers:
      User-Agent:
      - datadog-api-client-ruby/1.0.0.beta.3.dev (ruby 2.6.3; os darwin19; arch x86_64)
      Content-Type:
      - application/json
      Accept:
      - application/json
      Expect:
      - ''
  response:
    status:
      code: 200
      message: OK
    headers:
      Date:
      - Fri, 09 Apr 2021 11:45:25 GMT
      Content-Type:
      - application/json
      Content-Length:
      - '448'
      Connection:
      - keep-alive
      Vary:
      - Accept-Encoding
      Pragma:
      - no-cache
      Cache-Control:
      - no-cache
      X-Dd-Version:
      - '35.4275259'
      X-Ratelimit-Limit:
      - '100'
      X-Ratelimit-Period:
      - '60'
      X-Ratelimit-Reset:
      - '35'
      X-Ratelimit-Remaining:
      - '99'
      X-Content-Type-Options:
      - nosniff
      Strict-Transport-Security:
      - max-age=15724800;
      Content-Security-Policy:
      - frame-ancestors 'self'; report-uri https://api.datadoghq.com/csp-report
      X-Frame-Options:
      - SAMEORIGIN
    body:
      encoding: UTF-8
      string: '{"data":{"type":"services","id":"57100510-96a0-552e-934e-432a10f20743","attributes":{"name":"Test-Get_details_of_an_incident_service_returns_OK_response-1617968724","created":"2021-04-09T11:45:24.990609+00:00","modified":"2021-04-09T11:45:24.990609+00:00"},"relationships":{"last_modified_by":{"data":{"type":"users","id":"3ad549bf-eba0-11e9-a77a-0705486660d0"}},"created_by":{"data":{"type":"users","id":"3ad549bf-eba0-11e9-a77a-0705486660d0"}}}}}'
  recorded_at: Fri, 09 Apr 2021 11:45:24 GMT
recorded_with: VCR 6.0.0
