---
http_interactions:
- request:
    method: get
    uri: https://api.datadoghq.com/api/v2/teams/0e0a5f0a-1214-52db-87f6-d00176741440
    body:
      encoding: US-ASCII
      string: ''
    headers:
      User-Agent:
      - datadog-api-client-ruby/0.1.0 (ruby 2.7.1; os darwin19.6.0; arch x86_64)
      Content-Type:
      - application/json
      Accept:
      - application/json
      Expect:
      - ''
  response:
    status:
      code: 200
      message: OK
    headers:
      Date:
      - Thu, 03 Dec 2020 10:33:39 GMT
      Content-Type:
      - application/json
      Content-Length:
      - '442'
      Connection:
      - keep-alive
      Vary:
      - Accept-Encoding
      Pragma:
      - no-cache
      Cache-Control:
      - no-cache
      Set-Cookie:
      - DD-PSHARD=233; Max-Age=604800; Path=/; expires=Thu, 10-Dec-2020 10:33:39 GMT;
        secure; HttpOnly
      X-Dd-Version:
      - '35.3468623'
      X-Ratelimit-Limit:
      - '12000'
      X-Ratelimit-Period:
      - '60'
      X-Ratelimit-Reset:
      - '21'
      X-Ratelimit-Remaining:
      - '11999'
      X-Dd-Debug:
      - 0xx9Vajt2z9Bjd3zEZxSq+HXBSiVDpVx3zcehHaUF6Rbof5oICp4xtQ5KAyASYVV
      Dd-Pool:
      - dogweb
      Content-Security-Policy:
      - frame-ancestors 'self'; report-uri https://api.datadoghq.com/csp-report
      X-Frame-Options:
      - SAMEORIGIN
      X-Content-Type-Options:
      - nosniff
      Strict-Transport-Security:
      - max-age=15724800;
    body:
      encoding: UTF-8
      string: '{"data":{"type":"teams","id":"0e0a5f0a-1214-52db-87f6-d00176741440","attributes":{"name":"ruby-Get_details_of_an_incident_team_returns_OK_response-1606991618","created":"2020-12-03T10:33:39.104889+00:00","modified":"2020-12-03T10:33:39.104889+00:00"},"relationships":{"last_modified_by":{"data":{"type":"users","id":"3ad549bf-eba0-11e9-a77a-0705486660d0"}},"created_by":{"data":{"type":"users","id":"3ad549bf-eba0-11e9-a77a-0705486660d0"}}}}}'
  recorded_at: Thu, 03 Dec 2020 10:33:38 GMT
- request:
    method: get
    uri: https://api.datadoghq.com/api/v2/teams/dc0ae494-e966-502b-9a22-a628f2016ecb
    body:
      encoding: US-ASCII
      string: ''
    headers:
      User-Agent:
      - datadog-api-client-ruby/1.0.0.beta.3.dev (ruby 2.6.3; os darwin19; arch x86_64)
      Content-Type:
      - application/json
      Accept:
      - application/json
      Expect:
      - ''
  response:
    status:
      code: 200
      message: OK
    headers:
      Date:
      - Fri, 09 Apr 2021 08:01:12 GMT
      Content-Type:
      - application/json
      Content-Length:
      - '445'
      Connection:
      - keep-alive
      Vary:
      - Accept-Encoding
      Pragma:
      - no-cache
      Cache-Control:
      - no-cache
      X-Dd-Version:
      - '35.4273965'
      X-Ratelimit-Limit:
      - '100'
      X-Ratelimit-Period:
      - '60'
      X-Ratelimit-Reset:
      - '48'
      X-Ratelimit-Remaining:
      - '99'
      X-Dd-Debug:
      - 2328yjLSqI4XmR1pVqrPRR/SFcQsbafjEpPmZx7/3PfxUK1nJQQsX+wrMelyVyj+
      X-Content-Type-Options:
      - nosniff
      Strict-Transport-Security:
      - max-age=15724800;
      Content-Security-Policy:
      - frame-ancestors 'self'; report-uri https://api.datadoghq.com/csp-report
      X-Frame-Options:
      - SAMEORIGIN
    body:
      encoding: UTF-8
      string: '{"data":{"type":"teams","id":"dc0ae494-e966-502b-9a22-a628f2016ecb","attributes":{"name":"Test-Get_details_of_an_incident_team_returns_OK_response-1617955271.79","created":"2021-04-09T08:01:11.882191+00:00","modified":"2021-04-09T08:01:11.882191+00:00"},"relationships":{"last_modified_by":{"data":{"type":"users","id":"3ad549bf-eba0-11e9-a77a-0705486660d0"}},"created_by":{"data":{"type":"users","id":"3ad549bf-eba0-11e9-a77a-0705486660d0"}}}}}'
  recorded_at: Fri, 09 Apr 2021 08:01:11 GMT
- request:
    method: get
    uri: https://api.datadoghq.com/api/v2/teams/6af99fbb-0785-57bf-9156-1d8280bad855
    body:
      encoding: US-ASCII
      string: ''
    headers:
      User-Agent:
      - datadog-api-client-ruby/1.0.0.beta.3.dev (ruby 2.6.3; os darwin19; arch x86_64)
      Content-Type:
      - application/json
      Accept:
      - application/json
      Expect:
      - ''
  response:
    status:
      code: 200
      message: OK
    headers:
      Date:
      - Fri, 09 Apr 2021 08:16:29 GMT
      Content-Type:
      - application/json
      Content-Length:
      - '445'
      Connection:
      - keep-alive
      Vary:
      - Accept-Encoding
      Pragma:
      - no-cache
      Cache-Control:
      - no-cache
      X-Dd-Version:
      - '35.4274158'
      X-Ratelimit-Limit:
      - '100'
      X-Ratelimit-Period:
      - '60'
      X-Ratelimit-Reset:
      - '31'
      X-Ratelimit-Remaining:
      - '99'
      X-Dd-Debug:
      - Um4CoU685QqAscnxhS5BD+goWu2yX1Jd4zCfGzSsEvPPIm1qURZaF8dlLl/OEY4I
      X-Content-Type-Options:
      - nosniff
      Strict-Transport-Security:
      - max-age=15724800;
      Content-Security-Policy:
      - frame-ancestors 'self'; report-uri https://api.datadoghq.com/csp-report
      X-Frame-Options:
      - SAMEORIGIN
    body:
      encoding: UTF-8
      string: '{"data":{"type":"teams","id":"6af99fbb-0785-57bf-9156-1d8280bad855","attributes":{"name":"Test-Get_details_of_an_incident_team_returns_OK_response-1617956189.06","created":"2021-04-09T08:16:29.154894+00:00","modified":"2021-04-09T08:16:29.154894+00:00"},"relationships":{"last_modified_by":{"data":{"type":"users","id":"3ad549bf-eba0-11e9-a77a-0705486660d0"}},"created_by":{"data":{"type":"users","id":"3ad549bf-eba0-11e9-a77a-0705486660d0"}}}}}'
  recorded_at: Fri, 09 Apr 2021 08:16:29 GMT
- request:
    method: get
    uri: https://api.datadoghq.com/api/v2/teams/f73f95b6-6ad9-5f19-8c69-68affdcf14f8
    body:
      encoding: US-ASCII
      string: ''
    headers:
      User-Agent:
      - datadog-api-client-ruby/1.0.0.beta.3.dev (ruby 2.6.3; os darwin19; arch x86_64)
      Content-Type:
      - application/json
      Accept:
      - application/json
      Expect:
      - ''
  response:
    status:
      code: 200
      message: OK
    headers:
      Date:
      - Fri, 09 Apr 2021 08:26:59 GMT
      Content-Type:
      - application/json
      Content-Length:
      - '442'
      Connection:
      - keep-alive
      Vary:
      - Accept-Encoding
      Pragma:
      - no-cache
      Cache-Control:
      - no-cache
      X-Dd-Version:
      - '35.4274158'
      X-Ratelimit-Limit:
      - '100'
      X-Ratelimit-Period:
      - '60'
      X-Ratelimit-Reset:
      - '1'
      X-Ratelimit-Remaining:
      - '99'
      X-Dd-Debug:
      - PhosSd3Ch1B6B0DXI71steKUi7XhPDttnPiIP1NdXTw0VJNWpoUnYyBmODS5ne3q
      X-Content-Type-Options:
      - nosniff
      Strict-Transport-Security:
      - max-age=15724800;
      Content-Security-Policy:
      - frame-ancestors 'self'; report-uri https://api.datadoghq.com/csp-report
      X-Frame-Options:
      - SAMEORIGIN
    body:
      encoding: UTF-8
      string: '{"data":{"type":"teams","id":"f73f95b6-6ad9-5f19-8c69-68affdcf14f8","attributes":{"name":"Test-Get_details_of_an_incident_team_returns_OK_response-1617956819","created":"2021-04-09T08:26:59.280853+00:00","modified":"2021-04-09T08:26:59.280853+00:00"},"relationships":{"last_modified_by":{"data":{"type":"users","id":"3ad549bf-eba0-11e9-a77a-0705486660d0"}},"created_by":{"data":{"type":"users","id":"3ad549bf-eba0-11e9-a77a-0705486660d0"}}}}}'
  recorded_at: Fri, 09 Apr 2021 08:26:59 GMT
- request:
    method: post
    uri: https://api.datadoghq.com/api/v2/teams
    body:
      encoding: UTF-8
      string: '{"data":{"attributes":{"name":"Test-Get_details_of_an_incident_team_returns_OK_response-1617968727"},"type":"teams"}}'
    headers:
      User-Agent:
      - datadog-api-client-ruby/1.0.0.beta.3.dev (ruby 2.6.3; os darwin19; arch x86_64)
      Content-Type:
      - application/json
      Accept:
      - application/json
      Expect:
      - ''
  response:
    status:
      code: 201
      message: Created
    headers:
      Date:
      - Fri, 09 Apr 2021 11:45:27 GMT
      Content-Type:
      - application/json
      Content-Length:
      - '997'
      Connection:
      - keep-alive
      Pragma:
      - no-cache
      Cache-Control:
      - no-cache
      X-Dd-Version:
      - '35.4275259'
      X-Ratelimit-Limit:
      - '100'
      X-Ratelimit-Period:
      - '60'
      X-Ratelimit-Reset:
      - '33'
      X-Ratelimit-Remaining:
      - '96'
      X-Dd-Debug:
      - fIO2C4qGDheGHy4YbS+r3a3CXbh4cbRo7roILOimQyiHGjQdOat0cIpWCkupM1uX
      X-Content-Type-Options:
      - nosniff
      Strict-Transport-Security:
      - max-age=15724800;
      Content-Security-Policy:
      - frame-ancestors 'self'; report-uri https://api.datadoghq.com/csp-report
      X-Frame-Options:
      - SAMEORIGIN
    body:
      encoding: UTF-8
      string: '{"included":[{"type":"users","id":"3ad549bf-eba0-11e9-a77a-0705486660d0","attributes":{"name":null,"handle":"frog@datadoghq.com","created_at":"2019-10-02T08:15:39.795051+00:00","modified_at":"2020-06-15T12:33:12.884459+00:00","email":"frog@datadoghq.com","icon":"https://secure.gravatar.com/avatar/28a16dfe36e73b60c1d55872cb0f1172?s=48&d=retro","title":null,"verified":true,"service_account":false,"disabled":false,"allowed_login_methods":[],"status":"Active"},"relationships":{"org":{"data":{"type":"orgs","id":"4dee724d-00cc-11ea-a77b-570c9d03c6c5"}}}}],"data":{"type":"teams","id":"c24c87e5-a2b0-546f-b835-1232551b7ea1","attributes":{"name":"Test-Get_details_of_an_incident_team_returns_OK_response-1617968727","created":"2021-04-09T11:45:27.178012+00:00","modified":"2021-04-09T11:45:27.178012+00:00"},"relationships":{"last_modified_by":{"data":{"type":"users","id":"3ad549bf-eba0-11e9-a77a-0705486660d0"}},"created_by":{"data":{"type":"users","id":"3ad549bf-eba0-11e9-a77a-0705486660d0"}}}}}'
  recorded_at: Fri, 09 Apr 2021 11:45:27 GMT
- request:
    method: get
    uri: https://api.datadoghq.com/api/v2/teams/c24c87e5-a2b0-546f-b835-1232551b7ea1
    body:
      encoding: US-ASCII
      string: ''
    headers:
      User-Agent:
      - datadog-api-client-ruby/1.0.0.beta.3.dev (ruby 2.6.3; os darwin19; arch x86_64)
      Content-Type:
      - application/json
      Accept:
      - application/json
      Expect:
      - ''
  response:
    status:
      code: 200
      message: OK
    headers:
      Date:
      - Fri, 09 Apr 2021 11:45:27 GMT
      Content-Type:
      - application/json
      Content-Length:
      - '442'
      Connection:
      - keep-alive
      Vary:
      - Accept-Encoding
      Pragma:
      - no-cache
      Cache-Control:
      - no-cache
      X-Dd-Version:
      - '35.4275259'
      X-Ratelimit-Limit:
      - '100'
      X-Ratelimit-Period:
      - '60'
      X-Ratelimit-Reset:
      - '33'
      X-Ratelimit-Remaining:
      - '99'
      X-Dd-Debug:
      - 5gfwVh/5HZ+AnGd/Di93w3NEWC6KMHT9KzmHEiRJmNdOjBtAsbOcgVFyqEChw71h
      X-Content-Type-Options:
      - nosniff
      Strict-Transport-Security:
      - max-age=15724800;
      Content-Security-Policy:
      - frame-ancestors 'self'; report-uri https://api.datadoghq.com/csp-report
      X-Frame-Options:
      - SAMEORIGIN
    body:
      encoding: UTF-8
      string: '{"data":{"type":"teams","id":"c24c87e5-a2b0-546f-b835-1232551b7ea1","attributes":{"name":"Test-Get_details_of_an_incident_team_returns_OK_response-1617968727","created":"2021-04-09T11:45:27.178012+00:00","modified":"2021-04-09T11:45:27.178012+00:00"},"relationships":{"last_modified_by":{"data":{"type":"users","id":"3ad549bf-eba0-11e9-a77a-0705486660d0"}},"created_by":{"data":{"type":"users","id":"3ad549bf-eba0-11e9-a77a-0705486660d0"}}}}}'
  recorded_at: Fri, 09 Apr 2021 11:45:27 GMT
recorded_with: VCR 6.0.0
